// Jest Snapshot v1, https://goo.gl/fbAQLP

exports[`Deve renderizar o nome do usu√°rio logado 1`] = `
<p>
  Joana Fonseca Gomes
</p>
`;
